// Jest Snapshot v1, https://goo.gl/fbAQLP

exports[`Home should match the snapshot 1`] = `
<View
  style={
    Array [
      Object {
        "flex": 1,
        "paddingTop": 50,
      },
      Object {
        "backgroundColor": undefined,
      },
    ]
  }
>
  <View
    style={
      Object {
        "alignItems": "center",
        "justifyContent": "center",
      }
    }
  >
    <Image
      accessibilityIgnoresInvertColors={true}
      source={
        Object {
          "testUri": "../../../src/assets/logo/logo.png",
        }
      }
      style={
        Object {
          "marginBottom": -10,
          "marginTop": -10,
          "maxWidth": "100%",
          "resizeMode": "contain",
          "width": 122,
        }
      }
    />
  </View>
  <View
    style={
      Object {
        "paddingHorizontal": 8,
      }
    }
  >
    <Text
      style={
        Array [
          Object {
            "marginBottom": 8,
          },
          Object {
            "fontSize": 20,
            "fontWeight": "700",
          },
          Object {
            "color": "rgb(28, 28, 30)",
          },
        ]
      }
    >
      Hello, 
      <Text
        style={
          Array [
            Object {
              "color": undefined,
            },
          ]
        }
      >
         
        johndoe
      </Text>
    </Text>
    <Text
      style={
        Array [
          Object {
            "marginBottom": 16,
          },
          Object {
            "fontSize": 12,
            "fontWeight": "400",
          },
          Object {
            "color": undefined,
          },
        ]
      }
    >
      To create a usage ticket, start by selecting a customer from the list below:
    </Text>
  </View>
  <View
    style={
      Array [
        Object {
          "backgroundColor": "white",
          "flex": 1,
        },
      ]
    }
  >
    <View
      style={
        Array [
          Object {
            "paddingHorizontal": 6,
          },
        ]
      }
    >
      <View
        style={
          Object {
            "width": "100%",
          }
        }
      >
        <RCTScrollView
          ItemSeparatorComponent={[Function]}
          ListHeaderComponent={
            <ForwardRef(Themed.SearchBar)
              autoCorrect={false}
              containerStyle={
                Object {
                  "backgroundColor": "white",
                  "borderBottomWidth": 0,
                  "borderTopWidth": 0,
                  "marginTop": 8,
                }
              }
              inputContainerStyle={
                Object {
                  "backgroundColor": undefined,
                  "height": 43,
                }
              }
              inputStyle={
                Object {
                  "color": undefined,
                  "fontSize": 16,
                }
              }
              lightTheme={true}
              onChangeText={[Function]}
              placeholder="Search..."
              value=""
            />
          }
          data={
            Array [
              Object {
                "email": "foo@bar.com",
                "id": 10070,
                "is_active": true,
                "is_person": false,
                "name": "Razor Test Customer 1",
                "phone": "1233211233",
              },
              Object {
                "email": "foo@bar.com",
                "id": 10071,
                "is_active": true,
                "is_person": false,
                "name": "Razor Test Customer 2",
                "phone": "1233211233",
              },
              Object {
                "email": "foo@bar.com",
                "id": 10072,
                "is_active": true,
                "is_person": false,
                "name": "Razor Test Customer 3",
                "phone": "1233211233",
              },
              Object {
                "email": "foo@bar.com",
                "id": 10073,
                "is_active": true,
                "is_person": false,
                "name": "Razor Test Customer 4",
                "phone": "1233211233",
              },
              Object {
                "email": "foo@bar.com",
                "id": 10074,
                "is_active": true,
                "is_person": false,
                "name": "Razor Test Customer 5",
                "phone": "1233211233",
              },
              Object {
                "email": "foo@bar.com",
                "id": 10075,
                "is_active": true,
                "is_person": false,
                "name": "Razor Test Customer 6",
                "phone": "1233211233",
              },
              Object {
                "email": "foo@bar.com",
                "id": 10076,
                "is_active": true,
                "is_person": false,
                "name": "Razor Test Customer 7",
                "phone": "1233211233",
              },
            ]
          }
          getItem={[Function]}
          getItemCount={[Function]}
          keyExtractor={[Function]}
          onContentSizeChange={[Function]}
          onLayout={[Function]}
          onMomentumScrollBegin={[Function]}
          onMomentumScrollEnd={[Function]}
          onScroll={[Function]}
          onScrollBeginDrag={[Function]}
          onScrollEndDrag={[Function]}
          removeClippedSubviews={false}
          renderItem={[Function]}
          scrollEventThrottle={50}
          stickyHeaderIndices={Array []}
          style={
            Object {
              "backgroundColor": "white",
            }
          }
          viewabilityConfigCallbackPairs={Array []}
        >
          <View>
            <View
              onLayout={[Function]}
            >
              <View
                style={
                  Object {
                    "backgroundColor": "white",
                    "borderBottomColor": "#e1e1e1",
                    "borderBottomWidth": 0,
                    "borderTopColor": "#e1e1e1",
                    "borderTopWidth": 0,
                    "marginTop": 8,
                    "padding": 8,
                  }
                }
              >
                <View
                  style={
                    Object {
                      "paddingHorizontal": 0,
                      "width": "100%",
                    }
                  }
                >
                  <View
                    collapsable={false}
                    style={
                      Object {
                        "alignItems": "center",
                        "backgroundColor": undefined,
                        "borderBottomWidth": 0,
                        "borderColor": "#86939e",
                        "borderRadius": 3,
                        "flexDirection": "row",
                        "height": 43,
                        "minHeight": 30,
                        "overflow": "hidden",
                        "transform": Array [
                          Object {
                            "translateX": 0,
                          },
                        ],
                      }
                    }
                  >
                    <View
                      style={
                        Object {
                          "alignItems": "center",
                          "height": 40,
                          "justifyContent": "center",
                          "marginLeft": 8,
                          "marginVertical": 4,
                          "paddingRight": 4,
                        }
                      }
                    >
                      <View
                        style={
                          Object {
                            "overflow": "hidden",
                          }
                        }
                      >
                        <View>
                          <View
                            style={
                              Object {
                                "alignItems": "center",
                                "backgroundColor": "transparent",
                                "justifyContent": "center",
                              }
                            }
                          >
                            <Text
                              allowFontScaling={false}
                              selectable={false}
                              style={
                                Array [
                                  Object {
                                    "color": "#86939e",
                                    "fontSize": 18,
                                  },
                                  Object {
                                    "backgroundColor": "transparent",
                                  },
                                  Object {
                                    "fontFamily": "Material Icons",
                                    "fontStyle": "normal",
                                    "fontWeight": "normal",
                                  },
                                  Object {},
                                ]
                              }
                              testID="iconIcon"
                            >
                              
                            </Text>
                          </View>
                        </View>
                      </View>
                    </View>
                    <TextInput
                      autoCorrect={false}
                      editable={true}
                      onBlur={[Function]}
                      onChangeText={[Function]}
                      onFocus={[Function]}
                      placeholder="Search..."
                      placeholderTextColor="#86939e"
                      platform="default"
                      style={
                        Object {
                          "color": undefined,
                          "flex": 1,
                          "fontSize": 16,
                          "marginLeft": 10,
                          "minHeight": 40,
                        }
                      }
                      testID="searchInput"
                      underlineColorAndroid="transparent"
                      value=""
                    />
                    <View
                      style={
                        Object {
                          "alignItems": "center",
                          "height": 40,
                          "justifyContent": "center",
                          "marginRight": 8,
                          "marginVertical": 4,
                          "paddingRight": 4,
                        }
                      }
                    >
                      <View
                        style={
                          Object {
                            "flexDirection": "row",
                          }
                        }
                      />
                    </View>
                  </View>
                  <Text
                    style={
                      Object {
                        "color": "#ff190c",
                        "fontSize": 12,
                        "height": 0,
                        "margin": 0,
                        "padding": 0,
                      }
                    }
                  />
                </View>
              </View>
            </View>
            <View
              onLayout={[Function]}
              style={null}
            >
              <View
                accessibilityRole="button"
                accessible={true}
                collapsable={false}
                focusable={true}
                onClick={[Function]}
                onResponderGrant={[Function]}
                onResponderMove={[Function]}
                onResponderRelease={[Function]}
                onResponderTerminate={[Function]}
                onResponderTerminationRequest={[Function]}
                onStartShouldSetResponder={[Function]}
                style={
                  Object {
                    "opacity": 1,
                  }
                }
              >
                <View
                  style={
                    Object {
                      "paddingVertical": 5,
                    }
                  }
                >
                  <View
                    style={
                      Object {
                        "alignItems": "center",
                        "backgroundColor": "#ffffff",
                        "borderColor": "#bcbbc1",
                        "flexDirection": "row",
                        "padding": 14,
                      }
                    }
                    testID="padView"
                  >
                    <View
                      style={
                        Array [
                          Object {
                            "alignItems": "flex-start",
                            "flex": 1,
                            "justifyContent": "center",
                          },
                          undefined,
                        ]
                      }
                      theme={
                        Object {
                          "colors": Object {
                            "black": "#242424",
                            "disabled": "hsl(208, 8%, 90%)",
                            "divider": "#bcbbc1",
                            "error": "#ff190c",
                            "grey0": "#393e42",
                            "grey1": "#43484d",
                            "grey2": "#5e6977",
                            "grey3": "#86939e",
                            "grey4": "#bdc6cf",
                            "grey5": "#e1e8ee",
                            "greyOutline": "#bbb",
                            "platform": Object {
                              "android": Object {
                                "error": "#f44336",
                                "grey": "rgba(0, 0, 0, 0.54)",
                                "primary": "#2196f3",
                                "searchBg": "#dcdce1",
                                "secondary": "#9C27B0",
                                "success": "#4caf50",
                                "warning": "#ffeb3b",
                              },
                              "default": Object {
                                "error": "#ff3b30",
                                "grey": "#7d7d7d",
                                "primary": "#007aff",
                                "searchBg": "#dcdce1",
                                "secondary": "#5856d6",
                                "success": "#4cd964",
                                "warning": "#ffcc00",
                              },
                              "ios": Object {
                                "error": "#ff3b30",
                                "grey": "#7d7d7d",
                                "primary": "#007aff",
                                "searchBg": "#dcdce1",
                                "secondary": "#5856d6",
                                "success": "#4cd964",
                                "warning": "#ffcc00",
                              },
                              "web": Object {
                                "error": "#ff190c",
                                "grey": "#393e42",
                                "primary": "#2089dc",
                                "searchBg": "#303337",
                                "secondary": "#ca71eb",
                                "success": "#52c41a",
                                "warning": "#faad14",
                              },
                            },
                            "primary": "#2089dc",
                            "searchBg": "#303337",
                            "secondary": "#ca71eb",
                            "success": "#52c41a",
                            "warning": "#faad14",
                            "white": "#ffffff",
                          },
                        }
                      }
                    >
                      <Text
                        style={
                          Object {
                            "color": undefined,
                          }
                        }
                      >
                        Razor Test Customer 1
                      </Text>
                    </View>
                    <View
                      style={
                        Object {
                          "paddingLeft": 16,
                        }
                      }
                    />
                    <View
                      style={
                        Object {
                          "alignSelf": "center",
                          "overflow": "hidden",
                        }
                      }
                    >
                      <View>
                        <View
                          style={
                            Object {
                              "alignItems": "center",
                              "backgroundColor": "transparent",
                              "justifyContent": "center",
                            }
                          }
                        >
                          <Text
                            allowFontScaling={false}
                            selectable={false}
                            style={
                              Array [
                                Object {
                                  "color": "#D1D1D6",
                                  "fontSize": 16,
                                },
                                Object {
                                  "backgroundColor": "transparent",
                                  "color": undefined,
                                },
                                Object {
                                  "fontFamily": "Ionicons",
                                  "fontStyle": "normal",
                                  "fontWeight": "normal",
                                },
                                Object {},
                              ]
                            }
                            testID="iconIcon"
                          >
                            
                          </Text>
                        </View>
                      </View>
                    </View>
                  </View>
                </View>
              </View>
              <View
                style={
                  Object {
                    "backgroundColor": "#F2F5F7",
                    "height": 1,
                    "width": "86%",
                  }
                }
              />
            </View>
            <View
              onLayout={[Function]}
              style={null}
            >
              <View
                accessibilityRole="button"
                accessible={true}
                collapsable={false}
                focusable={true}
                onClick={[Function]}
                onResponderGrant={[Function]}
                onResponderMove={[Function]}
                onResponderRelease={[Function]}
                onResponderTerminate={[Function]}
                onResponderTerminationRequest={[Function]}
                onStartShouldSetResponder={[Function]}
                style={
                  Object {
                    "opacity": 1,
                  }
                }
              >
                <View
                  style={
                    Object {
                      "paddingVertical": 5,
                    }
                  }
                >
                  <View
                    style={
                      Object {
                        "alignItems": "center",
                        "backgroundColor": "#ffffff",
                        "borderColor": "#bcbbc1",
                        "flexDirection": "row",
                        "padding": 14,
                      }
                    }
                    testID="padView"
                  >
                    <View
                      style={
                        Array [
                          Object {
                            "alignItems": "flex-start",
                            "flex": 1,
                            "justifyContent": "center",
                          },
                          undefined,
                        ]
                      }
                      theme={
                        Object {
                          "colors": Object {
                            "black": "#242424",
                            "disabled": "hsl(208, 8%, 90%)",
                            "divider": "#bcbbc1",
                            "error": "#ff190c",
                            "grey0": "#393e42",
                            "grey1": "#43484d",
                            "grey2": "#5e6977",
                            "grey3": "#86939e",
                            "grey4": "#bdc6cf",
                            "grey5": "#e1e8ee",
                            "greyOutline": "#bbb",
                            "platform": Object {
                              "android": Object {
                                "error": "#f44336",
                                "grey": "rgba(0, 0, 0, 0.54)",
                                "primary": "#2196f3",
                                "searchBg": "#dcdce1",
                                "secondary": "#9C27B0",
                                "success": "#4caf50",
                                "warning": "#ffeb3b",
                              },
                              "default": Object {
                                "error": "#ff3b30",
                                "grey": "#7d7d7d",
                                "primary": "#007aff",
                                "searchBg": "#dcdce1",
                                "secondary": "#5856d6",
                                "success": "#4cd964",
                                "warning": "#ffcc00",
                              },
                              "ios": Object {
                                "error": "#ff3b30",
                                "grey": "#7d7d7d",
                                "primary": "#007aff",
                                "searchBg": "#dcdce1",
                                "secondary": "#5856d6",
                                "success": "#4cd964",
                                "warning": "#ffcc00",
                              },
                              "web": Object {
                                "error": "#ff190c",
                                "grey": "#393e42",
                                "primary": "#2089dc",
                                "searchBg": "#303337",
                                "secondary": "#ca71eb",
                                "success": "#52c41a",
                                "warning": "#faad14",
                              },
                            },
                            "primary": "#2089dc",
                            "searchBg": "#303337",
                            "secondary": "#ca71eb",
                            "success": "#52c41a",
                            "warning": "#faad14",
                            "white": "#ffffff",
                          },
                        }
                      }
                    >
                      <Text
                        style={
                          Object {
                            "color": undefined,
                          }
                        }
                      >
                        Razor Test Customer 2
                      </Text>
                    </View>
                    <View
                      style={
                        Object {
                          "paddingLeft": 16,
                        }
                      }
                    />
                    <View
                      style={
                        Object {
                          "alignSelf": "center",
                          "overflow": "hidden",
                        }
                      }
                    >
                      <View>
                        <View
                          style={
                            Object {
                              "alignItems": "center",
                              "backgroundColor": "transparent",
                              "justifyContent": "center",
                            }
                          }
                        >
                          <Text
                            allowFontScaling={false}
                            selectable={false}
                            style={
                              Array [
                                Object {
                                  "color": "#D1D1D6",
                                  "fontSize": 16,
                                },
                                Object {
                                  "backgroundColor": "transparent",
                                  "color": undefined,
                                },
                                Object {
                                  "fontFamily": "Ionicons",
                                  "fontStyle": "normal",
                                  "fontWeight": "normal",
                                },
                                Object {},
                              ]
                            }
                            testID="iconIcon"
                          >
                            
                          </Text>
                        </View>
                      </View>
                    </View>
                  </View>
                </View>
              </View>
              <View
                style={
                  Object {
                    "backgroundColor": "#F2F5F7",
                    "height": 1,
                    "width": "86%",
                  }
                }
              />
            </View>
            <View
              onLayout={[Function]}
              style={null}
            >
              <View
                accessibilityRole="button"
                accessible={true}
                collapsable={false}
                focusable={true}
                onClick={[Function]}
                onResponderGrant={[Function]}
                onResponderMove={[Function]}
                onResponderRelease={[Function]}
                onResponderTerminate={[Function]}
                onResponderTerminationRequest={[Function]}
                onStartShouldSetResponder={[Function]}
                style={
                  Object {
                    "opacity": 1,
                  }
                }
              >
                <View
                  style={
                    Object {
                      "paddingVertical": 5,
                    }
                  }
                >
                  <View
                    style={
                      Object {
                        "alignItems": "center",
                        "backgroundColor": "#ffffff",
                        "borderColor": "#bcbbc1",
                        "flexDirection": "row",
                        "padding": 14,
                      }
                    }
                    testID="padView"
                  >
                    <View
                      style={
                        Array [
                          Object {
                            "alignItems": "flex-start",
                            "flex": 1,
                            "justifyContent": "center",
                          },
                          undefined,
                        ]
                      }
                      theme={
                        Object {
                          "colors": Object {
                            "black": "#242424",
                            "disabled": "hsl(208, 8%, 90%)",
                            "divider": "#bcbbc1",
                            "error": "#ff190c",
                            "grey0": "#393e42",
                            "grey1": "#43484d",
                            "grey2": "#5e6977",
                            "grey3": "#86939e",
                            "grey4": "#bdc6cf",
                            "grey5": "#e1e8ee",
                            "greyOutline": "#bbb",
                            "platform": Object {
                              "android": Object {
                                "error": "#f44336",
                                "grey": "rgba(0, 0, 0, 0.54)",
                                "primary": "#2196f3",
                                "searchBg": "#dcdce1",
                                "secondary": "#9C27B0",
                                "success": "#4caf50",
                                "warning": "#ffeb3b",
                              },
                              "default": Object {
                                "error": "#ff3b30",
                                "grey": "#7d7d7d",
                                "primary": "#007aff",
                                "searchBg": "#dcdce1",
                                "secondary": "#5856d6",
                                "success": "#4cd964",
                                "warning": "#ffcc00",
                              },
                              "ios": Object {
                                "error": "#ff3b30",
                                "grey": "#7d7d7d",
                                "primary": "#007aff",
                                "searchBg": "#dcdce1",
                                "secondary": "#5856d6",
                                "success": "#4cd964",
                                "warning": "#ffcc00",
                              },
                              "web": Object {
                                "error": "#ff190c",
                                "grey": "#393e42",
                                "primary": "#2089dc",
                                "searchBg": "#303337",
                                "secondary": "#ca71eb",
                                "success": "#52c41a",
                                "warning": "#faad14",
                              },
                            },
                            "primary": "#2089dc",
                            "searchBg": "#303337",
                            "secondary": "#ca71eb",
                            "success": "#52c41a",
                            "warning": "#faad14",
                            "white": "#ffffff",
                          },
                        }
                      }
                    >
                      <Text
                        style={
                          Object {
                            "color": undefined,
                          }
                        }
                      >
                        Razor Test Customer 3
                      </Text>
                    </View>
                    <View
                      style={
                        Object {
                          "paddingLeft": 16,
                        }
                      }
                    />
                    <View
                      style={
                        Object {
                          "alignSelf": "center",
                          "overflow": "hidden",
                        }
                      }
                    >
                      <View>
                        <View
                          style={
                            Object {
                              "alignItems": "center",
                              "backgroundColor": "transparent",
                              "justifyContent": "center",
                            }
                          }
                        >
                          <Text
                            allowFontScaling={false}
                            selectable={false}
                            style={
                              Array [
                                Object {
                                  "color": "#D1D1D6",
                                  "fontSize": 16,
                                },
                                Object {
                                  "backgroundColor": "transparent",
                                  "color": undefined,
                                },
                                Object {
                                  "fontFamily": "Ionicons",
                                  "fontStyle": "normal",
                                  "fontWeight": "normal",
                                },
                                Object {},
                              ]
                            }
                            testID="iconIcon"
                          >
                            
                          </Text>
                        </View>
                      </View>
                    </View>
                  </View>
                </View>
              </View>
              <View
                style={
                  Object {
                    "backgroundColor": "#F2F5F7",
                    "height": 1,
                    "width": "86%",
                  }
                }
              />
            </View>
            <View
              onLayout={[Function]}
              style={null}
            >
              <View
                accessibilityRole="button"
                accessible={true}
                collapsable={false}
                focusable={true}
                onClick={[Function]}
                onResponderGrant={[Function]}
                onResponderMove={[Function]}
                onResponderRelease={[Function]}
                onResponderTerminate={[Function]}
                onResponderTerminationRequest={[Function]}
                onStartShouldSetResponder={[Function]}
                style={
                  Object {
                    "opacity": 1,
                  }
                }
              >
                <View
                  style={
                    Object {
                      "paddingVertical": 5,
                    }
                  }
                >
                  <View
                    style={
                      Object {
                        "alignItems": "center",
                        "backgroundColor": "#ffffff",
                        "borderColor": "#bcbbc1",
                        "flexDirection": "row",
                        "padding": 14,
                      }
                    }
                    testID="padView"
                  >
                    <View
                      style={
                        Array [
                          Object {
                            "alignItems": "flex-start",
                            "flex": 1,
                            "justifyContent": "center",
                          },
                          undefined,
                        ]
                      }
                      theme={
                        Object {
                          "colors": Object {
                            "black": "#242424",
                            "disabled": "hsl(208, 8%, 90%)",
                            "divider": "#bcbbc1",
                            "error": "#ff190c",
                            "grey0": "#393e42",
                            "grey1": "#43484d",
                            "grey2": "#5e6977",
                            "grey3": "#86939e",
                            "grey4": "#bdc6cf",
                            "grey5": "#e1e8ee",
                            "greyOutline": "#bbb",
                            "platform": Object {
                              "android": Object {
                                "error": "#f44336",
                                "grey": "rgba(0, 0, 0, 0.54)",
                                "primary": "#2196f3",
                                "searchBg": "#dcdce1",
                                "secondary": "#9C27B0",
                                "success": "#4caf50",
                                "warning": "#ffeb3b",
                              },
                              "default": Object {
                                "error": "#ff3b30",
                                "grey": "#7d7d7d",
                                "primary": "#007aff",
                                "searchBg": "#dcdce1",
                                "secondary": "#5856d6",
                                "success": "#4cd964",
                                "warning": "#ffcc00",
                              },
                              "ios": Object {
                                "error": "#ff3b30",
                                "grey": "#7d7d7d",
                                "primary": "#007aff",
                                "searchBg": "#dcdce1",
                                "secondary": "#5856d6",
                                "success": "#4cd964",
                                "warning": "#ffcc00",
                              },
                              "web": Object {
                                "error": "#ff190c",
                                "grey": "#393e42",
                                "primary": "#2089dc",
                                "searchBg": "#303337",
                                "secondary": "#ca71eb",
                                "success": "#52c41a",
                                "warning": "#faad14",
                              },
                            },
                            "primary": "#2089dc",
                            "searchBg": "#303337",
                            "secondary": "#ca71eb",
                            "success": "#52c41a",
                            "warning": "#faad14",
                            "white": "#ffffff",
                          },
                        }
                      }
                    >
                      <Text
                        style={
                          Object {
                            "color": undefined,
                          }
                        }
                      >
                        Razor Test Customer 4
                      </Text>
                    </View>
                    <View
                      style={
                        Object {
                          "paddingLeft": 16,
                        }
                      }
                    />
                    <View
                      style={
                        Object {
                          "alignSelf": "center",
                          "overflow": "hidden",
                        }
                      }
                    >
                      <View>
                        <View
                          style={
                            Object {
                              "alignItems": "center",
                              "backgroundColor": "transparent",
                              "justifyContent": "center",
                            }
                          }
                        >
                          <Text
                            allowFontScaling={false}
                            selectable={false}
                            style={
                              Array [
                                Object {
                                  "color": "#D1D1D6",
                                  "fontSize": 16,
                                },
                                Object {
                                  "backgroundColor": "transparent",
                                  "color": undefined,
                                },
                                Object {
                                  "fontFamily": "Ionicons",
                                  "fontStyle": "normal",
                                  "fontWeight": "normal",
                                },
                                Object {},
                              ]
                            }
                            testID="iconIcon"
                          >
                            
                          </Text>
                        </View>
                      </View>
                    </View>
                  </View>
                </View>
              </View>
              <View
                style={
                  Object {
                    "backgroundColor": "#F2F5F7",
                    "height": 1,
                    "width": "86%",
                  }
                }
              />
            </View>
            <View
              onLayout={[Function]}
              style={null}
            >
              <View
                accessibilityRole="button"
                accessible={true}
                collapsable={false}
                focusable={true}
                onClick={[Function]}
                onResponderGrant={[Function]}
                onResponderMove={[Function]}
                onResponderRelease={[Function]}
                onResponderTerminate={[Function]}
                onResponderTerminationRequest={[Function]}
                onStartShouldSetResponder={[Function]}
                style={
                  Object {
                    "opacity": 1,
                  }
                }
              >
                <View
                  style={
                    Object {
                      "paddingVertical": 5,
                    }
                  }
                >
                  <View
                    style={
                      Object {
                        "alignItems": "center",
                        "backgroundColor": "#ffffff",
                        "borderColor": "#bcbbc1",
                        "flexDirection": "row",
                        "padding": 14,
                      }
                    }
                    testID="padView"
                  >
                    <View
                      style={
                        Array [
                          Object {
                            "alignItems": "flex-start",
                            "flex": 1,
                            "justifyContent": "center",
                          },
                          undefined,
                        ]
                      }
                      theme={
                        Object {
                          "colors": Object {
                            "black": "#242424",
                            "disabled": "hsl(208, 8%, 90%)",
                            "divider": "#bcbbc1",
                            "error": "#ff190c",
                            "grey0": "#393e42",
                            "grey1": "#43484d",
                            "grey2": "#5e6977",
                            "grey3": "#86939e",
                            "grey4": "#bdc6cf",
                            "grey5": "#e1e8ee",
                            "greyOutline": "#bbb",
                            "platform": Object {
                              "android": Object {
                                "error": "#f44336",
                                "grey": "rgba(0, 0, 0, 0.54)",
                                "primary": "#2196f3",
                                "searchBg": "#dcdce1",
                                "secondary": "#9C27B0",
                                "success": "#4caf50",
                                "warning": "#ffeb3b",
                              },
                              "default": Object {
                                "error": "#ff3b30",
                                "grey": "#7d7d7d",
                                "primary": "#007aff",
                                "searchBg": "#dcdce1",
                                "secondary": "#5856d6",
                                "success": "#4cd964",
                                "warning": "#ffcc00",
                              },
                              "ios": Object {
                                "error": "#ff3b30",
                                "grey": "#7d7d7d",
                                "primary": "#007aff",
                                "searchBg": "#dcdce1",
                                "secondary": "#5856d6",
                                "success": "#4cd964",
                                "warning": "#ffcc00",
                              },
                              "web": Object {
                                "error": "#ff190c",
                                "grey": "#393e42",
                                "primary": "#2089dc",
                                "searchBg": "#303337",
                                "secondary": "#ca71eb",
                                "success": "#52c41a",
                                "warning": "#faad14",
                              },
                            },
                            "primary": "#2089dc",
                            "searchBg": "#303337",
                            "secondary": "#ca71eb",
                            "success": "#52c41a",
                            "warning": "#faad14",
                            "white": "#ffffff",
                          },
                        }
                      }
                    >
                      <Text
                        style={
                          Object {
                            "color": undefined,
                          }
                        }
                      >
                        Razor Test Customer 5
                      </Text>
                    </View>
                    <View
                      style={
                        Object {
                          "paddingLeft": 16,
                        }
                      }
                    />
                    <View
                      style={
                        Object {
                          "alignSelf": "center",
                          "overflow": "hidden",
                        }
                      }
                    >
                      <View>
                        <View
                          style={
                            Object {
                              "alignItems": "center",
                              "backgroundColor": "transparent",
                              "justifyContent": "center",
                            }
                          }
                        >
                          <Text
                            allowFontScaling={false}
                            selectable={false}
                            style={
                              Array [
                                Object {
                                  "color": "#D1D1D6",
                                  "fontSize": 16,
                                },
                                Object {
                                  "backgroundColor": "transparent",
                                  "color": undefined,
                                },
                                Object {
                                  "fontFamily": "Ionicons",
                                  "fontStyle": "normal",
                                  "fontWeight": "normal",
                                },
                                Object {},
                              ]
                            }
                            testID="iconIcon"
                          >
                            
                          </Text>
                        </View>
                      </View>
                    </View>
                  </View>
                </View>
              </View>
              <View
                style={
                  Object {
                    "backgroundColor": "#F2F5F7",
                    "height": 1,
                    "width": "86%",
                  }
                }
              />
            </View>
            <View
              onLayout={[Function]}
              style={null}
            >
              <View
                accessibilityRole="button"
                accessible={true}
                collapsable={false}
                focusable={true}
                onClick={[Function]}
                onResponderGrant={[Function]}
                onResponderMove={[Function]}
                onResponderRelease={[Function]}
                onResponderTerminate={[Function]}
                onResponderTerminationRequest={[Function]}
                onStartShouldSetResponder={[Function]}
                style={
                  Object {
                    "opacity": 1,
                  }
                }
              >
                <View
                  style={
                    Object {
                      "paddingVertical": 5,
                    }
                  }
                >
                  <View
                    style={
                      Object {
                        "alignItems": "center",
                        "backgroundColor": "#ffffff",
                        "borderColor": "#bcbbc1",
                        "flexDirection": "row",
                        "padding": 14,
                      }
                    }
                    testID="padView"
                  >
                    <View
                      style={
                        Array [
                          Object {
                            "alignItems": "flex-start",
                            "flex": 1,
                            "justifyContent": "center",
                          },
                          undefined,
                        ]
                      }
                      theme={
                        Object {
                          "colors": Object {
                            "black": "#242424",
                            "disabled": "hsl(208, 8%, 90%)",
                            "divider": "#bcbbc1",
                            "error": "#ff190c",
                            "grey0": "#393e42",
                            "grey1": "#43484d",
                            "grey2": "#5e6977",
                            "grey3": "#86939e",
                            "grey4": "#bdc6cf",
                            "grey5": "#e1e8ee",
                            "greyOutline": "#bbb",
                            "platform": Object {
                              "android": Object {
                                "error": "#f44336",
                                "grey": "rgba(0, 0, 0, 0.54)",
                                "primary": "#2196f3",
                                "searchBg": "#dcdce1",
                                "secondary": "#9C27B0",
                                "success": "#4caf50",
                                "warning": "#ffeb3b",
                              },
                              "default": Object {
                                "error": "#ff3b30",
                                "grey": "#7d7d7d",
                                "primary": "#007aff",
                                "searchBg": "#dcdce1",
                                "secondary": "#5856d6",
                                "success": "#4cd964",
                                "warning": "#ffcc00",
                              },
                              "ios": Object {
                                "error": "#ff3b30",
                                "grey": "#7d7d7d",
                                "primary": "#007aff",
                                "searchBg": "#dcdce1",
                                "secondary": "#5856d6",
                                "success": "#4cd964",
                                "warning": "#ffcc00",
                              },
                              "web": Object {
                                "error": "#ff190c",
                                "grey": "#393e42",
                                "primary": "#2089dc",
                                "searchBg": "#303337",
                                "secondary": "#ca71eb",
                                "success": "#52c41a",
                                "warning": "#faad14",
                              },
                            },
                            "primary": "#2089dc",
                            "searchBg": "#303337",
                            "secondary": "#ca71eb",
                            "success": "#52c41a",
                            "warning": "#faad14",
                            "white": "#ffffff",
                          },
                        }
                      }
                    >
                      <Text
                        style={
                          Object {
                            "color": undefined,
                          }
                        }
                      >
                        Razor Test Customer 6
                      </Text>
                    </View>
                    <View
                      style={
                        Object {
                          "paddingLeft": 16,
                        }
                      }
                    />
                    <View
                      style={
                        Object {
                          "alignSelf": "center",
                          "overflow": "hidden",
                        }
                      }
                    >
                      <View>
                        <View
                          style={
                            Object {
                              "alignItems": "center",
                              "backgroundColor": "transparent",
                              "justifyContent": "center",
                            }
                          }
                        >
                          <Text
                            allowFontScaling={false}
                            selectable={false}
                            style={
                              Array [
                                Object {
                                  "color": "#D1D1D6",
                                  "fontSize": 16,
                                },
                                Object {
                                  "backgroundColor": "transparent",
                                  "color": undefined,
                                },
                                Object {
                                  "fontFamily": "Ionicons",
                                  "fontStyle": "normal",
                                  "fontWeight": "normal",
                                },
                                Object {},
                              ]
                            }
                            testID="iconIcon"
                          >
                            
                          </Text>
                        </View>
                      </View>
                    </View>
                  </View>
                </View>
              </View>
              <View
                style={
                  Object {
                    "backgroundColor": "#F2F5F7",
                    "height": 1,
                    "width": "86%",
                  }
                }
              />
            </View>
            <View
              onLayout={[Function]}
              style={null}
            >
              <View
                accessibilityRole="button"
                accessible={true}
                collapsable={false}
                focusable={true}
                onClick={[Function]}
                onResponderGrant={[Function]}
                onResponderMove={[Function]}
                onResponderRelease={[Function]}
                onResponderTerminate={[Function]}
                onResponderTerminationRequest={[Function]}
                onStartShouldSetResponder={[Function]}
                style={
                  Object {
                    "opacity": 1,
                  }
                }
              >
                <View
                  style={
                    Object {
                      "paddingVertical": 5,
                    }
                  }
                >
                  <View
                    style={
                      Object {
                        "alignItems": "center",
                        "backgroundColor": "#ffffff",
                        "borderColor": "#bcbbc1",
                        "flexDirection": "row",
                        "padding": 14,
                      }
                    }
                    testID="padView"
                  >
                    <View
                      style={
                        Array [
                          Object {
                            "alignItems": "flex-start",
                            "flex": 1,
                            "justifyContent": "center",
                          },
                          undefined,
                        ]
                      }
                      theme={
                        Object {
                          "colors": Object {
                            "black": "#242424",
                            "disabled": "hsl(208, 8%, 90%)",
                            "divider": "#bcbbc1",
                            "error": "#ff190c",
                            "grey0": "#393e42",
                            "grey1": "#43484d",
                            "grey2": "#5e6977",
                            "grey3": "#86939e",
                            "grey4": "#bdc6cf",
                            "grey5": "#e1e8ee",
                            "greyOutline": "#bbb",
                            "platform": Object {
                              "android": Object {
                                "error": "#f44336",
                                "grey": "rgba(0, 0, 0, 0.54)",
                                "primary": "#2196f3",
                                "searchBg": "#dcdce1",
                                "secondary": "#9C27B0",
                                "success": "#4caf50",
                                "warning": "#ffeb3b",
                              },
                              "default": Object {
                                "error": "#ff3b30",
                                "grey": "#7d7d7d",
                                "primary": "#007aff",
                                "searchBg": "#dcdce1",
                                "secondary": "#5856d6",
                                "success": "#4cd964",
                                "warning": "#ffcc00",
                              },
                              "ios": Object {
                                "error": "#ff3b30",
                                "grey": "#7d7d7d",
                                "primary": "#007aff",
                                "searchBg": "#dcdce1",
                                "secondary": "#5856d6",
                                "success": "#4cd964",
                                "warning": "#ffcc00",
                              },
                              "web": Object {
                                "error": "#ff190c",
                                "grey": "#393e42",
                                "primary": "#2089dc",
                                "searchBg": "#303337",
                                "secondary": "#ca71eb",
                                "success": "#52c41a",
                                "warning": "#faad14",
                              },
                            },
                            "primary": "#2089dc",
                            "searchBg": "#303337",
                            "secondary": "#ca71eb",
                            "success": "#52c41a",
                            "warning": "#faad14",
                            "white": "#ffffff",
                          },
                        }
                      }
                    >
                      <Text
                        style={
                          Object {
                            "color": undefined,
                          }
                        }
                      >
                        Razor Test Customer 7
                      </Text>
                    </View>
                    <View
                      style={
                        Object {
                          "paddingLeft": 16,
                        }
                      }
                    />
                    <View
                      style={
                        Object {
                          "alignSelf": "center",
                          "overflow": "hidden",
                        }
                      }
                    >
                      <View>
                        <View
                          style={
                            Object {
                              "alignItems": "center",
                              "backgroundColor": "transparent",
                              "justifyContent": "center",
                            }
                          }
                        >
                          <Text
                            allowFontScaling={false}
                            selectable={false}
                            style={
                              Array [
                                Object {
                                  "color": "#D1D1D6",
                                  "fontSize": 16,
                                },
                                Object {
                                  "backgroundColor": "transparent",
                                  "color": undefined,
                                },
                                Object {
                                  "fontFamily": "Ionicons",
                                  "fontStyle": "normal",
                                  "fontWeight": "normal",
                                },
                                Object {},
                              ]
                            }
                            testID="iconIcon"
                          >
                            
                          </Text>
                        </View>
                      </View>
                    </View>
                  </View>
                </View>
              </View>
            </View>
          </View>
        </RCTScrollView>
      </View>
    </View>
  </View>
</View>
`;
