// Jest Snapshot v1, https://goo.gl/fbAQLP

exports[`Home should match the snapshot 1`] = `
<View
  style={
    Array [
      Object {
        "alignItems": "center",
        "flex": 1,
        "justifyContent": "center",
        "paddingHorizontal": 40,
      },
      Object {
        "backgroundColor": undefined,
      },
    ]
  }
>
  <Text
    style={
      Array [
        Object {
          "fontSize": 18,
          "fontWeight": "700",
        },
        Object {
          "color": "rgb(28, 28, 30)",
        },
      ]
    }
  >
    Welcome
     
    johndoe
  </Text>
  <Text
    style={
      Array [
        Object {
          "fontSize": 16,
          "fontWeight": "400",
        },
        Object {
          "color": "rgb(28, 28, 30)",
        },
      ]
    }
  >
    App variant: 
     
    TEST
  </Text>
  <View
    accessibilityState={
      Object {
        "disabled": false,
      }
    }
    accessible={true}
    collapsable={false}
    focusable={true}
    onClick={[Function]}
    onResponderGrant={[Function]}
    onResponderMove={[Function]}
    onResponderRelease={[Function]}
    onResponderTerminate={[Function]}
    onResponderTerminationRequest={[Function]}
    onStartShouldSetResponder={[Function]}
    style={
      Object {
        "alignItems": "center",
        "backgroundColor": "rgb(0, 122, 255)",
        "borderColor": "rgb(0, 122, 255)",
        "borderRadius": 3,
        "borderWidth": 1,
        "height": 40,
        "justifyContent": "center",
        "marginTop": 24,
        "opacity": 1,
        "width": "100%",
      }
    }
  >
    <Text
      style={
        Array [
          Object {
            "color": undefined,
          },
          Object {
            "fontSize": 18,
            "fontWeight": "700",
          },
          null,
        ]
      }
    >
      View customer profile
    </Text>
  </View>
</View>
`;
